src/app/dashboard/DashboardContent.tsx(47,5): error TS2322: Type 'Resolver<{ slug: string; headline?: string | undefined; bio?: string | undefined; skills?: string[] | undefined; socialLinks?: { twitter?: string | undefined; github?: string | undefined; linkedin?: string | undefined; website?: string | undefined; instagram?: string | undefined; youtube?: string | undefined; } | un...' is not assignable to type 'Resolver<{ slug: string; skills: string[]; headline?: string | undefined; bio?: string | undefined; socialLinks?: { twitter?: string | undefined; github?: string | undefined; linkedin?: string | undefined; website?: string | undefined; instagram?: string | undefined; youtube?: string | undefined; } | undefined; }, a...'.
  Types of parameters 'options' and 'options' are incompatible.
    Type 'ResolverOptions<{ slug: string; skills: string[]; headline?: string | undefined; bio?: string | undefined; socialLinks?: { twitter?: string | undefined; github?: string | undefined; linkedin?: string | undefined; website?: string | undefined; instagram?: string | undefined; youtube?: string | undefined; } | undefine...' is not assignable to type 'ResolverOptions<{ slug: string; headline?: string | undefined; bio?: string | undefined; skills?: string[] | undefined; socialLinks?: { twitter?: string | undefined; github?: string | undefined; linkedin?: string | undefined; website?: string | undefined; instagram?: string | undefined; youtube?: string | undefined;...'.
      Type 'string[] | undefined' is not assignable to type 'string[]'.
        Type 'undefined' is not assignable to type 'string[]'.
src/app/dashboard/DashboardContent.tsx(211,40): error TS2345: Argument of type '(data: ProfileFormData) => Promise<void>' is not assignable to parameter of type 'SubmitHandler<TFieldValues>'.
  Types of parameters 'data' and 'data' are incompatible.
    Type 'TFieldValues' is not assignable to type '{ slug: string; skills: string[]; headline?: string | undefined; bio?: string | undefined; socialLinks?: { twitter?: string | undefined; github?: string | undefined; linkedin?: string | undefined; website?: string | undefined; instagram?: string | undefined; youtube?: string | undefined; } | undefined; }'.
      Type 'FieldValues' is missing the following properties from type '{ slug: string; skills: string[]; headline?: string | undefined; bio?: string | undefined; socialLinks?: { twitter?: string | undefined; github?: string | undefined; linkedin?: string | undefined; website?: string | undefined; instagram?: string | undefined; youtube?: string | undefined; } | undefined; }': slug, skills
